Catcall detected in {SIMPLE_TEMPLATE_QUICK}.render for arg#2: expected ARRAY [!TUPLE [!STRING_8, !STRING_8]] but got ARRAY [!NONE]
Catcall detected in {SIMPLE_TEMPLATE_QUICK}.render for arg#2: expected ARRAY [!TUPLE [!STRING_8, !STRING_8]] but got ARRAY [!NONE]
Catcall detected in {SIMPLE_TEMPLATE_QUICK}.render for arg#2: expected ARRAY [!TUPLE [!STRING_8, !STRING_8]] but got ARRAY [!NONE]
Catcall detected in {SIMPLE_TEMPLATE_QUICK}.render for arg#2: expected ARRAY [!TUPLE [!STRING_8, !STRING_8]] but got ARRAY [!NONE]

simple_template: system execution failed.
Following is the set of recorded exceptions:

******************************** Thread exception *****************************
In thread           Root thread            0x0 (thread id)
*******************************************************************************
-------------------------------------------------------------------------------
Class / Object      Routine                Nature of exception           Effect
-------------------------------------------------------------------------------
CONSOLE             console_ps             FILE: unable to write STRING object.:
<000001873418DA98>                         Runtime I/O error.            Fail
-------------------------------------------------------------------------------
CONSOLE             console_ps                                          
<000001873418DA98>                         Routine failure.              Fail
-------------------------------------------------------------------------------
CONSOLE             put_string @6                                       
<000001873418DA98>                         Routine failure.              Fail
-------------------------------------------------------------------------------
STD_FILES           put_string @2                                       
<000001873418DA78>                         Routine failure.              Fail
-------------------------------------------------------------------------------
TEST_APP            print @6                                            
<000001873418D588>  (From ANY)             Routine failure.              Fail
-------------------------------------------------------------------------------
TEST_APP            run_test @3                                         
<000001873418D588>                         Routine failure.              Rescue
-------------------------------------------------------------------------------
~~~~~~~~~~~~~~~~~~~~~~~~~~~~~~~ entering level 1 ~~~~~~~~~~~~~~~~~~~~~~~~~~~~~~
-------------------------------------------------------------------------------
CONSOLE             console_ps             FILE: unable to write STRING object.:
<000001873418DA98>                         Runtime I/O error.            Fail
-------------------------------------------------------------------------------
CONSOLE             console_ps                                          
<000001873418DA98>                         Routine failure.              Fail
-------------------------------------------------------------------------------
CONSOLE             put_string @6                                       
<000001873418DA98>                         Routine failure.              Fail
-------------------------------------------------------------------------------
STD_FILES           put_string @2                                       
<000001873418DA78>                         Routine failure.              Fail
-------------------------------------------------------------------------------
TEST_APP            print @6                                            
<000001873418D588>  (From ANY)             Routine failure.              Fail
-------------------------------------------------------------------------------
~~~~~~~~~~~~~~~~~~~~~~~~~~~~~~~ back to level 0 ~~~~~~~~~~~~~~~~~~~~~~~~~~~~~~~
-------------------------------------------------------------------------------
TEST_APP            run_test @5                                         
<000001873418D588>                         Exception in rescue clause.   Fail
-------------------------------------------------------------------------------
TEST_APP            make @64                                            
<000001873418D588>                         Routine failure.              Fail
-------------------------------------------------------------------------------
TEST_APP            root's creation                                     
<000001873418D588>                         Routine failure.              Exit
-------------------------------------------------------------------------------
Catcall detected in {SIMPLE_TEMPLATE_QUICK}.render for arg#2: expected ARRAY [!TUPLE [!STRING_8, !STRING_8]] but got ARRAY [!NONE]
Catcall detected in {SIMPLE_TEMPLATE_QUICK}.render for arg#2: expected ARRAY [!TUPLE [!STRING_8, !STRING_8]] but got ARRAY [!NONE]
Catcall detected in {SIMPLE_TEMPLATE_QUICK}.render for arg#2: expected ARRAY [!TUPLE [!STRING_8, !STRING_8]] but got ARRAY [!NONE]
Catcall detected in {SIMPLE_TEMPLATE_QUICK}.render for arg#2: expected ARRAY [!TUPLE [!STRING_8, !STRING_8]] but got ARRAY [!NONE]
Catcall detected in {SIMPLE_TEMPLATE_QUICK}.render for arg#2: expected ARRAY [!TUPLE [!STRING_8, !STRING_8]] but got ARRAY [!NONE]
